EN u74_157_muser_ppm NULL D:/work/academic/cs2204v2/spring12/labs/termproject/ppm.vhf sub00/vhpl44 1327775243
EN fd4ce_mxilinx_ppm NULL D:/work/academic/cs2204v2/spring12/labs/termproject/ppm.vhf sub00/vhpl40 1327775247
EN comp4_mxilinx_ppm NULL D:/work/academic/cs2204v2/spring12/labs/termproject/ppm.vhf sub00/vhpl26 1327775245
AR m8_1e_mxilinx_ppm behavioral D:/work/academic/cs2204v2/spring12/labs/termproject/ppm.vhf sub00/vhpl65 1327775274
AR m2_1e_mxilinx_ppm behavioral D:/work/academic/cs2204v2/spring12/labs/termproject/ppm.vhf sub00/vhpl35 1327775236
EN compm8_mxilinx_ppm NULL D:/work/academic/cs2204v2/spring12/labs/termproject/ppm.vhf sub00/vhpl28 1327775255
EN add4_mxilinx_ppm NULL D:/work/academic/cs2204v2/spring12/labs/termproject/ppm.vhf sub00/vhpl50 1327775233
EN compm2_mxilinx_ppm NULL D:/work/academic/cs2204v2/spring12/labs/termproject/ppm.vhf sub00/vhpl42 1327775261
AR comp4_mxilinx_codegen behavioral D:/work/academic/cs2204v2/spring12/labs/termproject/CODEGEN.vhf sub00/vhpl05 1327775214
AR zerodisplay behavioral D:/work/academic/cs2204v2/spring12/labs/termproject/ZERODISPLAY.vhf sub00/vhpl11 1327775224
AR codedisc behavioral D:/work/academic/cs2204v2/spring12/labs/termproject/CODEDISC.vhf sub00/vhpl21 1327775230
EN fd8ce_mxilinx_ppm NULL D:/work/academic/cs2204v2/spring12/labs/termproject/ppm.vhf sub00/vhpl52 1327775263
AR cb4ce_mxilinx_ppm behavioral D:/work/academic/cs2204v2/spring12/labs/termproject/ppm.vhf sub00/vhpl25 1327775260
AR ppm behavioral D:/work/academic/cs2204v2/spring12/labs/termproject/ppm.vhf sub00/vhpl67 1327775276
AR add4_mxilinx_ppm behavioral D:/work/academic/cs2204v2/spring12/labs/termproject/ppm.vhf sub00/vhpl51 1327775234
AR m4_1e_mxilinx_ppm behavioral D:/work/academic/cs2204v2/spring12/labs/termproject/ppm.vhf sub00/vhpl49 1327775238
EN cd4ce_mxilinx_ppm NULL D:/work/academic/cs2204v2/spring12/labs/termproject/ppm.vhf sub00/vhpl54 1327775265
EN cb16ce_mxilinx_ppm NULL D:/work/academic/cs2204v2/spring12/labs/termproject/ppm.vhf sub00/vhpl58 1327775251
AR fd4ce_mxilinx_codedisc behavioral D:/work/academic/cs2204v2/spring12/labs/termproject/CODEDISC.vhf sub00/vhpl17 1327775226
AR compm4_mxilinx_ppm behavioral D:/work/academic/cs2204/fall11/labs/pfhvsm/ppm.vhf sub00/vhpl75 1315245365
AR ftclex_mxilinx_ppm behavioral D:/work/academic/cs2204v2/spring12/labs/termproject/ppm.vhf sub00/vhpl61 1327775270
AR cd4ce_mxilinx_ppm behavioral D:/work/academic/cs2204v2/spring12/labs/termproject/ppm.vhf sub00/vhpl55 1327775266
AR m2_1e_mxilinx_x74_153 behavioral D:/work/academic/cs2204v2/spring12/labs/termproject/X74_153.vhf sub00/vhpl69 1327775278
AR codegen behavioral D:/work/academic/cs2204v2/spring12/labs/termproject/CODEGEN.vhf sub00/vhpl09 1327775218
EN cb4ce_mxilinx_ppm NULL D:/work/academic/cs2204v2/spring12/labs/termproject/ppm.vhf sub00/vhpl24 1327775259
EN comp4_mxilinx_codedisc NULL D:/work/academic/cs2204v2/spring12/labs/termproject/CODEDISC.vhf sub00/vhpl18 1327775227
EN x74_153_muser_ppm NULL D:/work/academic/cs2204v2/spring12/labs/termproject/ppm.vhf sub00/vhpl46 1327775241
AR m2_1e_mxilinx_u74_157 behavioral D:/work/academic/cs2204v2/spring12/labs/termproject/u74_157.vhf sub00/vhpl01 1327775210
AR comp4_mxilinx_codedisc behavioral D:/work/academic/cs2204v2/spring12/labs/termproject/CODEDISC.vhf sub00/vhpl19 1327775228
AR cb16ce_mxilinx_ppm behavioral D:/work/academic/cs2204v2/spring12/labs/termproject/ppm.vhf sub00/vhpl59 1327775252
EN comp4_mxilinx_codegen NULL D:/work/academic/cs2204v2/spring12/labs/termproject/CODEGEN.vhf sub00/vhpl04 1327775213
EN largestdisp NULL D:/work/academic/cs2204v2/spring12/labs/termproject/LARGESTDISP.vhf sub00/vhpl14 1327775221
AR d2_4e_mxilinx_ppm behavioral D:/work/academic/cs2204v2/spring12/labs/termproject/ppm.vhf sub00/vhpl57 1327775268
EN add8_mxilinx_ppm NULL D:/work/academic/cs2204v2/spring12/labs/termproject/ppm.vhf sub00/vhpl30 1327775231
EN m2_1_mxilinx_x74_153 NULL D:/work/academic/cs2204v2/spring12/labs/termproject/X74_153.vhf sub00/vhpl70 1327775279
EN m2_1e_mxilinx_x74_153 NULL D:/work/academic/cs2204v2/spring12/labs/termproject/X74_153.vhf sub00/vhpl68 1327775277
AR fd4ce_mxilinx_ppm behavioral D:/work/academic/cs2204v2/spring12/labs/termproject/ppm.vhf sub00/vhpl41 1327775248
AR m2_1_mxilinx_x74_153 behavioral D:/work/academic/cs2204v2/spring12/labs/termproject/X74_153.vhf sub00/vhpl71 1327775280
EN x74_153 NULL D:/work/academic/cs2204v2/spring12/labs/termproject/X74_153.vhf sub00/vhpl72 1327775281
AR x74_153 behavioral D:/work/academic/cs2204v2/spring12/labs/termproject/X74_153.vhf sub00/vhpl73 1327775282
EN ftclex_mxilinx_ppm NULL D:/work/academic/cs2204v2/spring12/labs/termproject/ppm.vhf sub00/vhpl60 1327775269
EN fd4ce_mxilinx_codegen NULL D:/work/academic/cs2204v2/spring12/labs/termproject/CODEGEN.vhf sub00/vhpl06 1327775215
AR u74_157 behavioral D:/work/academic/cs2204v2/spring12/labs/termproject/u74_157.vhf sub00/vhpl03 1327775212
EN d2_4e_mxilinx_ppm NULL D:/work/academic/cs2204v2/spring12/labs/termproject/ppm.vhf sub00/vhpl56 1327775267
EN m8_1e_mxilinx_ppm NULL D:/work/academic/cs2204v2/spring12/labs/termproject/ppm.vhf sub00/vhpl64 1327775273
EN m2_1e_mxilinx_u74_157 NULL D:/work/academic/cs2204v2/spring12/labs/termproject/u74_157.vhf sub00/vhpl00 1327775209
EN u74_157 NULL D:/work/academic/cs2204v2/spring12/labs/termproject/u74_157.vhf sub00/vhpl02 1327775211
EN ftce_mxilinx_ppm NULL D:/work/academic/cs2204v2/spring12/labs/termproject/ppm.vhf sub00/vhpl22 1327775249
AR add8_mxilinx_ppm behavioral D:/work/academic/cs2204v2/spring12/labs/termproject/ppm.vhf sub00/vhpl31 1327775232
EN cb4cle_mxilinx_ppm NULL D:/work/academic/cs2204v2/spring12/labs/termproject/ppm.vhf sub00/vhpl62 1327775271
EN d3_8e_mxilinx_ppm NULL D:/work/academic/cs2204v2/spring12/labs/termproject/ppm.vhf sub00/vhpl38 1327775257
AR ftce_mxilinx_ppm behavioral D:/work/academic/cs2204v2/spring12/labs/termproject/ppm.vhf sub00/vhpl23 1327775250
AR compm2_mxilinx_ppm behavioral D:/work/academic/cs2204v2/spring12/labs/termproject/ppm.vhf sub00/vhpl43 1327775262
AR compm8_mxilinx_ppm behavioral D:/work/academic/cs2204v2/spring12/labs/termproject/ppm.vhf sub00/vhpl29 1327775256
EN compm4_mxilinx_largestdisp NULL D:/work/academic/cs2204v2/spring12/labs/termproject/LARGESTDISP.vhf sub00/vhpl12 1327775219
AR m2_1_mxilinx_ppm behavioral D:/work/academic/cs2204v2/spring12/labs/termproject/ppm.vhf sub00/vhpl33 1327775240
AR u74_157_muser_ppm behavioral D:/work/academic/cs2204v2/spring12/labs/termproject/ppm.vhf sub00/vhpl45 1327775244
AR largestdisp behavioral D:/work/academic/cs2204v2/spring12/labs/termproject/LARGESTDISP.vhf sub00/vhpl15 1327775222
EN m2_1_mxilinx_ppm NULL D:/work/academic/cs2204v2/spring12/labs/termproject/ppm.vhf sub00/vhpl32 1327775239
EN m4_1e_mxilinx_ppm NULL D:/work/academic/cs2204v2/spring12/labs/termproject/ppm.vhf sub00/vhpl48 1327775237
AR comp4_mxilinx_ppm behavioral D:/work/academic/cs2204v2/spring12/labs/termproject/ppm.vhf sub00/vhpl27 1327775246
EN cb2ce_mxilinx_ppm NULL D:/work/academic/cs2204v2/spring12/labs/termproject/ppm.vhf sub00/vhpl36 1327775253
EN compm4_mxilinx_ppm NULL D:/work/academic/cs2204/fall11/labs/pfhvsm/ppm.vhf sub00/vhpl74 1315245364
AR compm4_mxilinx_largestdisp behavioral D:/work/academic/cs2204v2/spring12/labs/termproject/LARGESTDISP.vhf sub00/vhpl13 1327775220
AR cb4cle_mxilinx_ppm behavioral D:/work/academic/cs2204v2/spring12/labs/termproject/ppm.vhf sub00/vhpl63 1327775272
AR x74_153_muser_ppm behavioral D:/work/academic/cs2204v2/spring12/labs/termproject/ppm.vhf sub00/vhpl47 1327775242
EN fd4ce_mxilinx_codedisc NULL D:/work/academic/cs2204v2/spring12/labs/termproject/CODEDISC.vhf sub00/vhpl16 1327775225
EN m2_1e_mxilinx_ppm NULL D:/work/academic/cs2204v2/spring12/labs/termproject/ppm.vhf sub00/vhpl34 1327775235
AR d3_8e_mxilinx_ppm behavioral D:/work/academic/cs2204v2/spring12/labs/termproject/ppm.vhf sub00/vhpl39 1327775258
AR fd8ce_mxilinx_ppm behavioral D:/work/academic/cs2204v2/spring12/labs/termproject/ppm.vhf sub00/vhpl53 1327775264
EN codegen NULL D:/work/academic/cs2204v2/spring12/labs/termproject/CODEGEN.vhf sub00/vhpl08 1327775217
AR fd4ce_mxilinx_codegen behavioral D:/work/academic/cs2204v2/spring12/labs/termproject/CODEGEN.vhf sub00/vhpl07 1327775216
EN ppm NULL D:/work/academic/cs2204v2/spring12/labs/termproject/ppm.vhf sub00/vhpl66 1327775275
EN zerodisplay NULL D:/work/academic/cs2204v2/spring12/labs/termproject/ZERODISPLAY.vhf sub00/vhpl10 1327775223
EN codedisc NULL D:/work/academic/cs2204v2/spring12/labs/termproject/CODEDISC.vhf sub00/vhpl20 1327775229
AR cb2ce_mxilinx_ppm behavioral D:/work/academic/cs2204v2/spring12/labs/termproject/ppm.vhf sub00/vhpl37 1327775254
